[themewant.com/products/html/kester/index-two.html]
[backblue.gif]
[fade.gif]
[index.html]
[themewant.com/products/html/kester/assets/images/fav.png]
[themewant.com/products/html/kester/assets/css/bootstrap.min.css]
[themewant.com/products/html/kester/assets/css/rt-icons.css]
[themewant.com/products/html/kester/assets/css/all.min.css]
[themewant.com/products/html/kester/assets/css/animate.min.css]
[themewant.com/products/html/kester/assets/css/magnific-popup.css]
[themewant.com/products/html/kester/assets/css/swiper-bundle.min.css]
[themewant.com/products/html/kester/assets/css/metisMenu.css]
[themewant.com/products/html/kester/assets/css/rtsmenu.css]
[themewant.com/products/html/kester/index.html]
[themewant.com/products/html/kester/assets/css/main.css]
[themewant.com/products/html/kester/assets/images/logo2.png]
[themewant.com/products/html/kester/assets/images/logo-sticky2.png]
[themewant.com/products/html/kester/assets/images/logo-sticky.png]
[themewant.com/products/html/kester/index-three.html]
[themewant.com/products/html/kester/index-four.html]
[themewant.com/products/html/kester/index-five.html]
[themewant.com/products/html/kester/index-six.html]
[themewant.com/products/html/kester/index-seven.html]
[themewant.com/products/html/kester/index-eight.html]
[themewant.com/products/html/kester/about.html]
[themewant.com/products/html/kester/team.html]
[themewant.com/products/html/kester/team-details.html]
[themewant.com/products/html/kester/history.html]
[themewant.com/products/html/kester/faq.html]
[themewant.com/products/html/kester/gallery.html]
[themewant.com/products/html/kester/event.html]
[themewant.com/products/html/kester/event-details.html]
[themewant.com/products/html/kester/error.html]
[themewant.com/products/html/kester/match-schedule.html]
[themewant.com/products/html/kester/match-result.html]
[themewant.com/products/html/kester/league-standings.html]
[themewant.com/products/html/kester/shop.html]
[themewant.com/products/html/kester/product-details.html]
[themewant.com/products/html/kester/cart.html]
[themewant.com/products/html/kester/checkout.html]
[themewant.com/products/html/kester/account.html]
[themewant.com/products/html/kester/thank-you.html]
[themewant.com/products/html/kester/blog.html]
[themewant.com/products/html/kester/blog-details.html]
[themewant.com/products/html/kester/contact.html]
[themewant.com/products/html/kester/assets/images/products/product1.png]
[themewant.com/products/html/kester/assets/images/products/product2.png]
[themewant.com/products/html/kester/assets/images/products/product6.png]
[themewant.com/products/html/kester/assets/images/logo.png]
[themewant.com/products/html/kester/awards.html]
[themewant.com/products/html/kester/news-details.html]
[themewant.com/products/html/kester/assets/images/blog/blog8.jpg]
[themewant.com/products/html/kester/assets/images/blog/blog9.jpg]
[themewant.com/products/html/kester/assets/images/blog/blog10.jpg]
[themewant.com/products/html/kester/assets/images/blog/blog11.jpg]
[themewant.com/products/html/kester/assets/images/items/blog-1.jpg]
[themewant.com/products/html/kester/assets/images/items/blog-2.jpg]
[themewant.com/products/html/kester/assets/images/items/blog-3.jpg]
[themewant.com/products/html/kester/assets/images/items/blog-4.jpg]
[themewant.com/products/html/kester/assets/images/items/blog-5.jpg]
[themewant.com/products/html/kester/assets/images/items/blog-6.jpg]
[themewant.com/products/html/kester/assets/images/items/blog-7.jpg]
[themewant.com/products/html/kester/assets/images/items/blog-sm1.png]
[themewant.com/products/html/kester/assets/images/items/blog-sm2.png]
[themewant.com/products/html/kester/assets/images/items/blog-sm3.png]
[themewant.com/products/html/kester/score.html]
[themewant.com/products/html/kester/assets/images/items/ig/10.png]
[themewant.com/products/html/kester/assets/images/items/ig/11.png]
[themewant.com/products/html/kester/assets/images/items/ig/12.png]
[themewant.com/products/html/kester/assets/images/items/ig/13.png]
[themewant.com/products/html/kester/assets/images/items/ig/14.png]
[themewant.com/products/html/kester/assets/images/items/ig/15.png]
[themewant.com/products/html/kester/assets/images/items/ig/16.png]
[themewant.com/products/html/kester/assets/images/items/ig/17.png]
[themewant.com/products/html/kester/assets/images/items/ig/18.png]
[themewant.com/products/html/kester/assets/images/clubs/1.png]
[themewant.com/products/html/kester/assets/images/clubs/6.png]
[themewant.com/products/html/kester/assets/images/items/blog-bg.jpg]
[themewant.com/products/html/kester/assets/images/blog/blog1.jpg]
[themewant.com/products/html/kester/assets/images/blog/blog2.jpg]
[themewant.com/products/html/kester/assets/images/blog/blog3.jpg]
[themewant.com/products/html/kester/price-table.html]
[themewant.com/products/html/kester/our-players.html]
[themewant.com/products/html/kester/arena.html]
[themewant.com/products/html/kester/assets/images/footer/news1.png]
[themewant.com/products/html/kester/assets/images/footer/news2.png]
[themewant.com/products/html/kester/assets/images/footer/news3.png]
[themewant.com/products/html/kester/assets/images/footer/news4.png]
[themewant.com/products/html/kester/assets/images/footer/news5.png]
[themewant.com/products/html/kester/assets/images/footer/news6.png]
[themewant.com/products/html/kester/assets/js/vendors/jquery-3.6.0.min.js]
[themewant.com/products/html/kester/assets/js/vendors/bootstrap.min.js]
[themewant.com/products/html/kester/assets/js/vendors/wow.min.js]
[themewant.com/products/html/kester/assets/js/vendors/swiper-bundle.min.js]
[themewant.com/products/html/kester/assets/js/vendors/timer.js]
[themewant.com/products/html/kester/assets/js/vendors/metisMenu.min.js]
[themewant.com/products/html/kester/assets/js/vendors/isotope.pkgd.min.js]
[themewant.com/products/html/kester/assets/js/vendors/jquery.magnific-popup.min.js]
[themewant.com/products/html/kester/assets/js/main.js]
[themewant.com/products/html/kester/index-two.html]
[themewant.com/products/html/kester/assets/css/bootstrap.min.css]
[themewant.com/products/html/kester/assets/fonts/fa-brands-400.eot]
[themewant.com/products/html/kester/assets/fonts/fa-brands-400d41d.eot]
[themewant.com/products/html/kester/assets/fonts/fa-brands-400.woff2]
[themewant.com/products/html/kester/assets/fonts/fa-brands-400.woff]
[themewant.com/products/html/kester/assets/fonts/fa-brands-400.svg]
[themewant.com/products/html/kester/assets/fonts/fa-duotone-900.woff2]
[themewant.com/products/html/kester/assets/fonts/fa-duotone-900.eot]
[themewant.com/products/html/kester/assets/fonts/fa-duotone-900d41d.eot]
[themewant.com/products/html/kester/assets/fonts/fa-duotone-900.woff]
[themewant.com/products/html/kester/assets/fonts/fa-duotone-900.ttf]
[themewant.com/products/html/kester/assets/fonts/fa-light-300.eot]
[themewant.com/products/html/kester/assets/fonts/fa-light-300.woff2]
[themewant.com/products/html/kester/assets/fonts/fa-light-300.woff]
[themewant.com/products/html/kester/assets/fonts/fa-light-300d41d.eot]
[themewant.com/products/html/kester/assets/fonts/fa-duotone-900.svg]
[themewant.com/products/html/kester/assets/fonts/fa-light-300.ttf]
[themewant.com/products/html/kester/assets/fonts/fa-regular-400.eot]
[themewant.com/products/html/kester/assets/fonts/fa-regular-400.woff2]
[themewant.com/products/html/kester/assets/fonts/fa-light-300.svg]
[themewant.com/products/html/kester/assets/fonts/fa-regular-400.woff]
[themewant.com/products/html/kester/assets/fonts/fa-regular-400d41d.eot]
[themewant.com/products/html/kester/assets/fonts/fa-solid-900.eot]
[themewant.com/products/html/kester/assets/fonts/fa-regular-400.ttf]
[themewant.com/products/html/kester/assets/fonts/fa-solid-900.woff2]
[themewant.com/products/html/kester/assets/fonts/fa-solid-900d41d.eot]
[themewant.com/products/html/kester/assets/fonts/fa-solid-900.woff]
[themewant.com/products/html/kester/assets/fonts/fa-regular-400.svg]
[themewant.com/products/html/kester/assets/css/all.min.css]
[themewant.com/products/html/kester/assets/fonts/rt-icons9735.eot]
[themewant.com/products/html/kester/assets/fonts/fa-solid-900.svg]
[themewant.com/products/html/kester/assets/fonts/fa-solid-900.ttf]
[themewant.com/products/html/kester/assets/fonts/rt-icons9735.woff2]
[themewant.com/products/html/kester/assets/fonts/rt-icons9735.woff]
[themewant.com/products/html/kester/assets/fonts/rt-icons9735.svg]
[themewant.com/products/html/kester/assets/css/rt-icons.css]
[themewant.com/products/html/kester/assets/css/animate.min.css]
[themewant.com/products/html/kester/assets/css/magnific-popup.css]
[themewant.com/products/html/kester/assets/css/magnific.css]
[themewant.com/products/html/kester/assets/css/swiper-bundle.min.css]
[themewant.com/products/html/kester/assets/css/metisMenu.css]
[themewant.com/products/html/kester/assets/css/rtsmenu.css]
[themewant.com/products/html/kester/assets/css/variables/variable1.css]
[themewant.com/products/html/kester/assets/fonts/rt-icons.ttf]
[themewant.com/products/html/kester/assets/fonts/fa-brands-400.ttf]
[themewant.com/products/html/kester/assets/images/background/productbg.webp]
[themewant.com/products/html/kester/assets/images/background/productbghover.webp]
[themewant.com/products/html/kester/assets/images/background/megabg.jpg]
[themewant.com/products/html/kester/assets/images/banner/bannerbg1.jpg]
[themewant.com/products/html/kester/assets/images/background/slide-3.jpg]
[themewant.com/products/html/kester/assets/images/banner/banner-bg6.jpg]
[themewant.com/products/html/kester/assets/images/banner/banner-bg7.jpg]
[themewant.com/products/html/kester/assets/images/banner/banner-bg8.jpg]
[themewant.com/products/html/kester/assets/images/banner/banner-bg9.jpg]
[themewant.com/products/html/kester/assets/images/banner/banner-bg10.jpg]
[themewant.com/products/html/kester/assets/images/banner/banner-bg11.jpg]
[themewant.com/products/html/kester/assets/images/banner/bannerbg3.jpg]
[themewant.com/products/html/kester/assets/images/banner/banner-bg4.jpg]
[themewant.com/products/html/kester/assets/images/banner/shape1.png]
[themewant.com/products/html/kester/assets/images/banner/bannerbg2.jpg]
[themewant.com/products/html/kester/assets/images/banner/bannerbg6.jpg]
[themewant.com/products/html/kester/assets/images/banner/bannerbg-inner.jpg]
[themewant.com/products/html/kester/assets/images/background/team-details-bg.jpg]
[themewant.com/products/html/kester/assets/images/details/insgt.jpg]
[themewant.com/products/html/kester/assets/images/background/video-1.jpg]
[themewant.com/products/html/kester/assets/images/background/video-2.jpg]
[themewant.com/products/html/kester/assets/images/background/newsletter-bg.jpg]
[themewant.com/products/html/kester/assets/images/background/newsletter-bg2.jpg]
[themewant.com/products/html/kester/assets/images/background/highlights-bg.jpg]
[themewant.com/products/html/kester/assets/img/services/banne-1.jpg]
[themewant.com/products/html/kester/assets/images/background/quote-bg.jpg]
[themewant.com/products/html/kester/assets/images/about/about-bg2.jpg]
[themewant.com/products/html/kester/assets/images/blog/news13.jpg]
[themewant.com/products/html/kester/assets/images/blog/news15.jpg]
[themewant.com/products/html/kester/assets/images/blog/news14.jpg]
[themewant.com/products/html/kester/assets/images/background/basket-ball-court.jpg]
[themewant.com/products/html/kester/assets/images/background/newsletter-bg3.jpg]
[themewant.com/products/html/kester/assets/images/blog/news16.jpg]
[themewant.com/products/html/kester/assets/images/blog/news17.jpg]
[themewant.com/products/html/kester/assets/images/blog/news19.jpg]
[themewant.com/products/html/kester/assets/images/blog/news20.jpg]
[themewant.com/products/html/kester/assets/images/blog/news18.jpg]
[themewant.com/products/html/kester/assets/images/background/upcoming01.png]
[themewant.com/products/html/kester/assets/images/background/baseball-court.jpg]
[themewant.com/products/html/kester/assets/images/background/baseball-court2.jpg]
[themewant.com/products/html/kester/assets/images/blog/news23.jpg]
[themewant.com/products/html/kester/assets/images/blog/news24.jpg]
[themewant.com/products/html/kester/assets/images/blog/news25.jpg]
[themewant.com/products/html/kester/assets/images/blog/news26.jpg]
[themewant.com/products/html/kester/assets/images/banner/banner-bg12.jpg]
[themewant.com/products/html/kester/assets/images/banner/banner-bg13.jpg]
[themewant.com/products/html/kester/assets/images/banner/banner-bg14.jpg]
[themewant.com/products/html/kester/assets/images/background/nfl-court.jpg]
[themewant.com/products/html/kester/assets/images/blog/news31.jpg]
[themewant.com/products/html/kester/assets/images/blog/news32.jpg]
[themewant.com/products/html/kester/assets/images/blog/news33.jpg]
[themewant.com/products/html/kester/assets/images/blog/news34.jpg]
[themewant.com/products/html/kester/assets/images/blog/news35.jpg]
[themewant.com/products/html/kester/assets/images/banner/banner-bg15.jpg]
[themewant.com/products/html/kester/assets/images/banner/banner-bg16.jpg]
[themewant.com/products/html/kester/assets/images/blog/news39.jpg]
[themewant.com/products/html/kester/assets/images/blog/news40.jpg]
[themewant.com/products/html/kester/assets/images/blog/news41.jpg]
[themewant.com/products/html/kester/assets/images/blog/news42.jpg]
[themewant.com/products/html/kester/assets/images/blog/news43.jpg]
[themewant.com/products/html/kester/assets/css/main.css]
[themewant.com/products/html/kester/assets/images/items/clubs.png]
[themewant.com/products/html/kester/assets/images/items/clubs2.png]
[themewant.com/products/html/kester/assets/images/gallery/img8.jpg]
[themewant.com/products/html/kester/assets/images/gallery/img8-small.jpg]
[themewant.com/products/html/kester/assets/images/gallery/img9.jpg]
[themewant.com/products/html/kester/assets/images/gallery/img9-small.jpg]
[themewant.com/products/html/kester/assets/images/gallery/img10.jpg]
[themewant.com/products/html/kester/assets/images/gallery/img10-small.jpg]
[themewant.com/products/html/kester/assets/images/team/logo-01.png]
[themewant.com/products/html/kester/assets/images/team/logo-02.png]
[themewant.com/products/html/kester/assets/images/team/logo-03.png]
[themewant.com/products/html/kester/assets/images/team/logo-04.png]
[themewant.com/products/html/kester/assets/images/team/logo-05.png]
[themewant.com/products/html/kester/assets/images/team/logo-06.png]
[themewant.com/products/html/kester/assets/images/about/shape2.png]
[themewant.com/products/html/kester/assets/images/about/shape1.png]
[themewant.com/products/html/kester/assets/images/gallery/img4.jpg]
[themewant.com/products/html/kester/assets/images/gallery/img5.jpg]
[themewant.com/products/html/kester/assets/images/brands/1.png]
[themewant.com/products/html/kester/assets/images/brands/2.png]
[themewant.com/products/html/kester/assets/images/brands/3.png]
[themewant.com/products/html/kester/assets/images/brands/4.png]
[themewant.com/products/html/kester/assets/images/brands/5.png]
[themewant.com/products/html/kester/assets/images/brands/6.png]
[themewant.com/products/html/kester/assets/images/team/team01.png]
[themewant.com/products/html/kester/assets/images/team/team02.png]
[themewant.com/products/html/kester/assets/images/team/team03.png]
[themewant.com/products/html/kester/assets/images/team/team04.png]
[themewant.com/products/html/kester/assets/images/team/shape.png]
[themewant.com/products/html/kester/assets/images/team/player3.png]
[themewant.com/products/html/kester/assets/images/items/author2.png]
[themewant.com/products/html/kester/assets/images/items/author3.png]
[themewant.com/products/html/kester/assets/images/products/gloves.png]
[themewant.com/products/html/kester/assets/images/products/prod.jpg]
[themewant.com/products/html/kester/wishlist.html]
[themewant.com/products/html/kester/assets/js/vendors/jquery.counterup.min.js]
[themewant.com/products/html/kester/index.html]
[themewant.com/products/html/kester/assets/images/items/feature-1.jpg]
[themewant.com/products/html/kester/assets/images/items/feature-2.jpg]
[themewant.com/products/html/kester/assets/images/items/feature-3.jpg]
[themewant.com/products/html/kester/assets/images/products/product3.png]
[themewant.com/products/html/kester/assets/images/products/product5.png]
[themewant.com/products/html/kester/assets/images/products/product7.png]
[themewant.com/products/html/kester/assets/images/products/product4.png]
[themewant.com/products/html/kester/assets/images/blog/blog12.jpg]
[themewant.com/products/html/kester/assets/images/blog/blog13.jpg]
[themewant.com/products/html/kester/assets/images/blog/blog14.jpg]
[themewant.com/products/html/kester/index-three.html]
[themewant.com/products/html/kester/assets/images/logo3.png]
[themewant.com/products/html/kester/assets/images/icons/flag-1.svg]
[themewant.com/products/html/kester/assets/images/icons/flag-3.svg]
[themewant.com/products/html/kester/assets/images/icons/flag-5.svg]
[themewant.com/products/html/kester/assets/images/icons/flag-7.svg]
[themewant.com/products/html/kester/assets/images/icons/flag-8.svg]
[themewant.com/products/html/kester/assets/images/team/team09.png]
[themewant.com/products/html/kester/assets/images/icons/club-1.svg]
[themewant.com/products/html/kester/assets/images/icons/club-2.svg]
[themewant.com/products/html/kester/assets/images/icons/club-3.svg]
[themewant.com/products/html/kester/assets/images/icons/club-4.svg]
[themewant.com/products/html/kester/assets/images/icons/club-5.svg]
[themewant.com/products/html/kester/assets/images/icons/club-6.svg]
[themewant.com/products/html/kester/assets/images/icons/club-7.svg]
[themewant.com/products/html/kester/assets/images/icons/club-8.svg]
[themewant.com/products/html/kester/assets/images/icons/club-9.svg]
[themewant.com/products/html/kester/assets/images/icons/club-10.svg]
[themewant.com/products/html/kester/assets/images/icons/club-11.svg]
[themewant.com/products/html/kester/assets/images/icons/club-12.svg]
[themewant.com/products/html/kester/assets/images/team/team10.png]
[themewant.com/products/html/kester/assets/images/team/team11.png]
[themewant.com/products/html/kester/assets/images/team/team12.png]
[themewant.com/products/html/kester/assets/images/team/team13.png]
[themewant.com/products/html/kester/assets/images/icons/volume.svg]
[themewant.com/products/html/kester/assets/images/icons/camera.svg]
[themewant.com/products/html/kester/assets/images/brands/7.png]
[themewant.com/products/html/kester/assets/images/brands/8.png]
[themewant.com/products/html/kester/assets/images/brands/9.png]
[themewant.com/products/html/kester/assets/images/brands/10.png]
[themewant.com/products/html/kester/assets/images/brands/11.png]
[themewant.com/products/html/kester/assets/images/brands/12.png]
[themewant.com/products/html/kester/assets/images/blog/small-post4.png]
[themewant.com/products/html/kester/assets/images/blog/small-post5.png]
[themewant.com/products/html/kester/index-four.html]
[themewant.com/products/html/kester/assets/images/logo6.png]
[themewant.com/products/html/kester/assets/images/icons/club-13.svg]
[themewant.com/products/html/kester/assets/images/icons/club-14.svg]
[themewant.com/products/html/kester/assets/images/icons/club-15.svg]
[themewant.com/products/html/kester/assets/images/icons/club-17.svg]
[themewant.com/products/html/kester/assets/images/icons/club-18.svg]
[themewant.com/products/html/kester/assets/images/blog/news21.jpg]
[themewant.com/products/html/kester/assets/images/blog/news22.jpg]
[themewant.com/products/html/kester/assets/images/blog/small-post6.png]
[themewant.com/products/html/kester/assets/images/icons/club-19.svg]
[themewant.com/products/html/kester/assets/images/icons/club-20.svg]
[themewant.com/products/html/kester/assets/images/icons/club-21.svg]
[themewant.com/products/html/kester/assets/images/icons/club-22.svg]
[themewant.com/products/html/kester/assets/images/icons/club-23.svg]
[themewant.com/products/html/kester/assets/images/icons/club-24.svg]
[themewant.com/products/html/kester/assets/images/icons/club-25.svg]
[themewant.com/products/html/kester/assets/images/icons/club-26.svg]
[themewant.com/products/html/kester/assets/images/icons/club-27.svg]
[themewant.com/products/html/kester/assets/images/icons/club-28.svg]
[themewant.com/products/html/kester/assets/images/team/man.png]
[themewant.com/products/html/kester/assets/images/team/team14.png]
[themewant.com/products/html/kester/assets/images/team/team15.png]
[themewant.com/products/html/kester/assets/images/team/team16.png]
[themewant.com/products/html/kester/assets/images/team/team17.png]
[themewant.com/products/html/kester/assets/images/clubs/19.png]
[themewant.com/products/html/kester/assets/images/clubs/20.png]
[themewant.com/products/html/kester/assets/images/products/product13.png]
[themewant.com/products/html/kester/assets/images/products/product14.png]
[themewant.com/products/html/kester/assets/images/products/product15.png]
[themewant.com/products/html/kester/assets/images/products/product16.png]
[themewant.com/products/html/kester/index-five.html]
[themewant.com/products/html/kester/assets/images/logo7.png]
[themewant.com/products/html/kester/assets/images/banner/ad-banner.jpg]
[themewant.com/products/html/kester/assets/images/blog/small-post7.png]
[themewant.com/products/html/kester/assets/images/blog/small-post8.png]
[themewant.com/products/html/kester/assets/images/blog/small-post9.png]
[themewant.com/products/html/kester/assets/images/blog/small-post10.png]
[themewant.com/products/html/kester/assets/images/blog/small-post11.png]
[themewant.com/products/html/kester/assets/images/banner/ad-banner2.jpg]
[themewant.com/products/html/kester/assets/images/gallery/cricket.mp4]
[themewant.com/products/html/kester/assets/images/blog/small-post12.png]
[themewant.com/products/html/kester/assets/images/blog/small-post13.png]
[themewant.com/products/html/kester/assets/images/blog/small-post14.png]
[themewant.com/products/html/kester/assets/images/blog/small-post15.png]
[themewant.com/products/html/kester/assets/images/banner/championship.png]
[themewant.com/products/html/kester/assets/images/banner/live-match.png]
[themewant.com/products/html/kester/index-six.html]
[themewant.com/products/html/kester/assets/images/logo8.png]
[themewant.com/products/html/kester/assets/images/banner/bannerhero-nfl.png]
[themewant.com/products/html/kester/assets/images/clubs/21.png]
[themewant.com/products/html/kester/assets/images/clubs/22.png]
[themewant.com/products/html/kester/assets/images/blog/news27.jpg]
[themewant.com/products/html/kester/assets/images/blog/news28.jpg]
[themewant.com/products/html/kester/assets/images/blog/news29.jpg]
[themewant.com/products/html/kester/assets/images/blog/news30.jpg]
[themewant.com/products/html/kester/assets/images/items/ig/19.png]
[themewant.com/products/html/kester/assets/images/items/ig/20.png]
[themewant.com/products/html/kester/assets/images/items/ig/21.png]
[themewant.com/products/html/kester/assets/images/items/ig/22.png]
[themewant.com/products/html/kester/assets/images/team/team18.png]
[themewant.com/products/html/kester/assets/images/clubs/23.png]
[themewant.com/products/html/kester/assets/images/team/team19.png]
[themewant.com/products/html/kester/assets/images/clubs/24.png]
[themewant.com/products/html/kester/assets/images/team/team20.png]
[themewant.com/products/html/kester/index-seven.html]
[themewant.com/products/html/kester/assets/images/logo9.png]
[themewant.com/products/html/kester/assets/images/banner/circle.png]
[themewant.com/products/html/kester/assets/images/blog/news36.jpg]
[themewant.com/products/html/kester/assets/images/blog/news37.jpg]
[themewant.com/products/html/kester/assets/images/blog/news38.jpg]
[themewant.com/products/html/kester/assets/images/team/team21.png]
[themewant.com/products/html/kester/assets/images/products/product17.png]
[themewant.com/products/html/kester/assets/images/products/product18.png]
[themewant.com/products/html/kester/assets/images/products/product19.png]
[themewant.com/products/html/kester/assets/images/products/product20.png]
[themewant.com/products/html/kester/assets/images/blog/news44.jpg]
[themewant.com/products/html/kester/assets/images/blog/news45.jpg]
[themewant.com/products/html/kester/assets/images/blog/news46.jpg]
[themewant.com/products/html/kester/assets/images/blog/small-post16.png]
[themewant.com/products/html/kester/assets/images/blog/small-post17.png]
[themewant.com/products/html/kester/index-eight.html]
[themewant.com/products/html/kester/assets/images/about/player2.png]
[themewant.com/products/html/kester/assets/images/about/video1.png]
[themewant.com/products/html/kester/about.html]
[themewant.com/products/html/kester/assets/images/team/team05.png]
[themewant.com/products/html/kester/assets/images/team/team06.png]
[themewant.com/products/html/kester/assets/images/team/team07.png]
[themewant.com/products/html/kester/assets/images/team/team08.png]
[themewant.com/products/html/kester/assets/images/team/financial.jpg]
[themewant.com/products/html/kester/assets/images/team/arg.png]
[themewant.com/products/html/kester/assets/images/team/physician.jpg]
[themewant.com/products/html/kester/assets/images/team/ita.png]
[themewant.com/products/html/kester/assets/images/team/coach.jpg]
[themewant.com/products/html/kester/assets/images/team/por.png]
[themewant.com/products/html/kester/team.html]
[themewant.com/products/html/kester/assets/images/team/team05.jpg]
[themewant.com/products/html/kester/assets/images/team/eng.webp]
[themewant.com/products/html/kester/team-details.html]
[themewant.com/products/html/kester/assets/images/items/awards/award1.png]
[themewant.com/products/html/kester/assets/images/items/awards/award2.png]
[themewant.com/products/html/kester/assets/images/items/awards/award3.png]
[themewant.com/products/html/kester/assets/images/items/awards/award4.png]
[themewant.com/products/html/kester/history.html]
[themewant.com/products/html/kester/assets/js/vendors/jquery.timelinev.js]
[themewant.com/products/html/kester/assets/images/about/section1.png]
[themewant.com/products/html/kester/assets/images/about/aboutthumb.jpg]
[themewant.com/products/html/kester/faq.html]
[themewant.com/products/html/kester/assets/images/gallery/full1.png]
[themewant.com/products/html/kester/assets/images/gallery/1.png]
[themewant.com/products/html/kester/assets/images/gallery/full2.png]
[themewant.com/products/html/kester/assets/images/gallery/2.png]
[themewant.com/products/html/kester/assets/images/gallery/full3.png]
[themewant.com/products/html/kester/assets/images/gallery/3.png]
[themewant.com/products/html/kester/assets/images/gallery/full4.png]
[themewant.com/products/html/kester/assets/images/gallery/4.png]
[themewant.com/products/html/kester/assets/images/gallery/full5.png]
[themewant.com/products/html/kester/assets/images/gallery/5.png]
[themewant.com/products/html/kester/assets/images/gallery/full6.png]
[themewant.com/products/html/kester/assets/images/gallery/6.png]
[themewant.com/products/html/kester/gallery.html]
[themewant.com/products/html/kester/assets/images/event/event1.jpg]
[themewant.com/products/html/kester/assets/images/event/event2.jpg]
[themewant.com/products/html/kester/assets/images/event/event3.jpg]
[themewant.com/products/html/kester/assets/images/event/event4.jpg]
[themewant.com/products/html/kester/assets/images/event/event5.jpg]
[themewant.com/products/html/kester/assets/images/event/event6.jpg]
[themewant.com/products/html/kester/assets/images/event/event7.jpg]
[themewant.com/products/html/kester/assets/images/event/event8.jpg]
[themewant.com/products/html/kester/assets/images/event/event9.jpg]
[themewant.com/products/html/kester/event.html]
[themewant.com/products/html/kester/assets/images/event/overview.jpg]
[themewant.com/products/html/kester/assets/images/event/fs1.jpg]
[themewant.com/products/html/kester/assets/images/event/fs2.jpg]
[themewant.com/products/html/kester/event-details.html]
[themewant.com/products/html/kester/error.html]
[themewant.com/products/html/kester/assets/images/clubs/3.png]
[themewant.com/products/html/kester/assets/images/clubs/4.png]
[themewant.com/products/html/kester/assets/images/clubs/5.png]
[themewant.com/products/html/kester/assets/images/clubs/7.png]
[themewant.com/products/html/kester/assets/images/clubs/8.png]
[themewant.com/products/html/kester/assets/images/clubs/9.png]
[themewant.com/products/html/kester/assets/images/clubs/10.png]
[themewant.com/products/html/kester/assets/images/clubs/11.png]
[themewant.com/products/html/kester/assets/images/clubs/12.png]
[themewant.com/products/html/kester/assets/images/clubs/13.png]
[themewant.com/products/html/kester/assets/images/clubs/14.png]
[themewant.com/products/html/kester/assets/images/clubs/15.png]
[themewant.com/products/html/kester/assets/images/clubs/16.png]
[themewant.com/products/html/kester/assets/images/clubs/17.png]
[themewant.com/products/html/kester/match-schedule.html]
[themewant.com/products/html/kester/assets/images/details/recap.jpg]
[themewant.com/products/html/kester/assets/images/items/football.svg]
[themewant.com/products/html/kester/assets/images/items/football-red.svg]
[themewant.com/products/html/kester/assets/images/items/kick.svg]
[themewant.com/products/html/kester/match-result.html]
[themewant.com/products/html/kester/league-standings.html]
[themewant.com/products/html/kester/assets/images/blog/small-post1.png]
[themewant.com/products/html/kester/assets/images/blog/small-post2.png]
[themewant.com/products/html/kester/assets/images/blog/small-post3.png]
[themewant.com/products/html/kester/assets/images/icons/grid-icon.svg]
[themewant.com/products/html/kester/assets/images/icons/list-icon.png]
[themewant.com/products/html/kester/shop.html]
[themewant.com/products/html/kester/assets/images/products/prod2.jpg]
[themewant.com/products/html/kester/assets/images/products/prod3.jpg]
[themewant.com/products/html/kester/product-details.html]
[themewant.com/products/html/kester/cart.html]
[themewant.com/products/html/kester/checkout.html]
[themewant.com/products/html/kester/login.html]
[themewant.com/products/html/kester/assets/images/blog/authordp.jpg]
[themewant.com/products/html/kester/account.html]
[themewant.com/products/html/kester/thank-you.html]
[themewant.com/products/html/kester/assets/images/blog/feed1.jpg]
[themewant.com/products/html/kester/assets/images/items/author8.png]
[themewant.com/products/html/kester/assets/images/blog/feed2.jpg]
[themewant.com/products/html/kester/assets/images/blog/feed3.jpg]
[themewant.com/products/html/kester/assets/images/icons/quote.svg]
[themewant.com/products/html/kester/assets/images/blog/soundcloud.png]
[themewant.com/products/html/kester/assets/images/blog/quickblog1.jpg]
[themewant.com/products/html/kester/assets/images/blog/quickblog2.png]
[themewant.com/products/html/kester/assets/images/blog/quickblog3.png]
[themewant.com/products/html/kester/assets/images/blog/sponsorsad.jpg]
[themewant.com/products/html/kester/blog.html]
[themewant.com/products/html/kester/assets/images/blog/blogimage.jpg]
[themewant.com/products/html/kester/assets/images/blog/blogpart.jpg]
[themewant.com/products/html/kester/assets/images/icons/quote-round.svg]
[themewant.com/products/html/kester/assets/images/icons/grid-shape.svg]
[themewant.com/products/html/kester/assets/images/items/user1.png]
[themewant.com/products/html/kester/assets/images/items/user2.png]
[themewant.com/products/html/kester/assets/images/items/user3.png]
[themewant.com/products/html/kester/blog-details.html]
[themewant.com/products/html/kester/contact.html]
[themewant.com/products/html/kester/awards.html]
[themewant.com/products/html/kester/news-details.html]
[themewant.com/products/html/kester/score.html]
[themewant.com/products/html/kester/price-table.html]
[themewant.com/products/html/kester/our-players.html]
[themewant.com/products/html/kester/arena.html]
[themewant.com/products/html/kester/assets/js/vendors/jquery-3.6.0.min.js]
[themewant.com/products/html/kester/assets/js/vendors/bootstrap.min.js]
[themewant.com/products/html/kester/assets/js/vendors/wow.min.js]
[themewant.com/products/html/kester/assets/js/vendors/swiper-bundle.min.js]
[themewant.com/products/html/kester/assets/js/vendors/zoom.js]
[themewant.com/products/html/kester/assets/js/vendors/timer.js]
[themewant.com/products/html/kester/assets/js/vendors/metisMenu.min.js]
[themewant.com/products/html/kester/assets/js/vendors/rtsmenu.js]
[themewant.com/products/html/kester/assets/js/vendors/isotope.pkgd.min.js]
[themewant.com/products/html/kester/assets/js/vendors/jquery.magnific-popup.min.js]
[themewant.com/products/html/kester/assets/js/main.js]
[themewant.com/products/html/kester/assets/fonts/fa-brands-400.svg]
[themewant.com/products/html/kester/assets/fonts/fa-duotone-900.svg]
[themewant.com/products/html/kester/assets/fonts/fa-light-300.svg]
[themewant.com/products/html/kester/assets/fonts/fa-regular-400.svg]
[themewant.com/products/html/kester/assets/fonts/fa-solid-900.svg]
[themewant.com/products/html/kester/assets/fonts/rt-icons9735.svg]
[themewant.com/products/html/kester/assets/images/background/productbg.html]
[themewant.com/products/html/kester/assets/images/background/productbghover.html]
[themewant.com/products/html/kester/assets/img/services/banne-1.html]
[themewant.com/products/html/kester/wishlist.html]
[themewant.com/products/html/kester/assets/js/vendors/jquery.counterup.min.js]
[themewant.com/products/html/kester/assets/css/variables/variable2.css]
[themewant.com/products/html/kester/assets/images/icons/flag-1.svg]
[themewant.com/products/html/kester/assets/images/icons/flag-2.svg]
[themewant.com/products/html/kester/assets/images/icons/flag-3.svg]
[themewant.com/products/html/kester/assets/images/icons/flag-4.svg]
[themewant.com/products/html/kester/assets/images/icons/flag-5.svg]
[themewant.com/products/html/kester/assets/images/icons/flag-6.svg]
[themewant.com/products/html/kester/assets/images/icons/flag-7.svg]
[themewant.com/products/html/kester/assets/images/icons/flag-8.svg]
[themewant.com/products/html/kester/assets/images/icons/flag-9.svg]
[themewant.com/products/html/kester/assets/images/icons/club-1.svg]
[themewant.com/products/html/kester/assets/images/icons/club-2.svg]
[themewant.com/products/html/kester/assets/images/icons/club-3.svg]
[themewant.com/products/html/kester/assets/images/icons/club-4.svg]
[themewant.com/products/html/kester/assets/images/icons/club-5.svg]
[themewant.com/products/html/kester/assets/images/icons/club-6.svg]
[themewant.com/products/html/kester/assets/images/icons/club-7.svg]
[themewant.com/products/html/kester/assets/images/icons/club-8.svg]
[themewant.com/products/html/kester/assets/images/icons/club-9.svg]
[themewant.com/products/html/kester/assets/images/icons/club-10.svg]
[themewant.com/products/html/kester/assets/images/icons/club-11.svg]
[themewant.com/products/html/kester/assets/images/icons/club-12.svg]
[themewant.com/products/html/kester/assets/images/icons/volume.svg]
[themewant.com/products/html/kester/assets/images/icons/camera.svg]
[themewant.com/products/html/kester/assets/images/icons/club-13.svg]
[themewant.com/products/html/kester/assets/images/icons/club-14.svg]
[themewant.com/products/html/kester/assets/images/icons/club-15.svg]
[themewant.com/products/html/kester/assets/images/icons/club-17.svg]
[themewant.com/products/html/kester/assets/images/icons/club-18.svg]
[themewant.com/products/html/kester/assets/images/icons/club-19.svg]
[themewant.com/products/html/kester/assets/images/icons/club-20.svg]
[themewant.com/products/html/kester/assets/images/icons/club-21.svg]
[themewant.com/products/html/kester/assets/images/icons/club-22.svg]
[themewant.com/products/html/kester/assets/images/icons/club-23.svg]
[themewant.com/products/html/kester/assets/images/icons/club-24.svg]
[themewant.com/products/html/kester/assets/images/icons/club-25.svg]
[themewant.com/products/html/kester/assets/images/icons/club-26.svg]
[themewant.com/products/html/kester/assets/images/icons/club-27.svg]
[themewant.com/products/html/kester/assets/images/icons/club-28.svg]
[themewant.com/products/html/kester/assets/css/variables/variable3.css]
[themewant.com/products/html/kester/assets/css/variables/variable4.css]
[themewant.com/products/html/kester/assets/js/vendors/jquery.timelinev.js]
[themewant.com/products/html/kester/assets/images/items/football.svg]
[themewant.com/products/html/kester/assets/images/items/football-red.svg]
[themewant.com/products/html/kester/assets/images/items/kick.svg]
[themewant.com/products/html/kester/assets/images/icons/grid-icon.svg]
[themewant.com/products/html/kester/login.html]
[themewant.com/products/html/kester/assets/images/icons/quote.svg]
[themewant.com/products/html/kester/assets/images/icons/quote-round.svg]
[themewant.com/products/html/kester/assets/images/icons/grid-shape.svg]
